test_files/iso_2.input: Unicode text, UTF-8 text, with no line terminators
