test_files/iso_3.input: Unicode text, UTF-8 text, with no line terminators
