test_files/utf_4.input: Unicode text, UTF-8 text, with no line terminators
