test_files/utf_1.input: Unicode text, UTF-8 text, with no line terminators
